[UnityCrossThreadLogger]==> EventJoin {"id":"00000000-0000-4000-8000-000000000001","request":"{\"EventName\":\"QuickDraft_SOS_20260421\",\"EntryCurrencyType\":\"Gem\",\"EntryCurrencyPaid\":750,\"CustomTokenId\":null,\"EventChoice\":\"\"}"}
[UnityCrossThreadLogger]==> BotDraftDraftStatus {"id":"00000000-0000-4000-8000-000000000002","request":"{\"EventName\":\"QuickDraft_SOS_20260421\"}"}
[UnityCrossThreadLogger]5/7/2026 2:05:33 AM
<== BotDraftDraftStatus(00000000-0000-4000-8000-000000000003)
{"CurrentModule":"BotDraft","Payload":"{\"Result\":\"Success\",\"EventName\":\"QuickDraft_SOS_20260421\",\"DraftStatus\":\"PickNext\",\"PackNumber\":0,\"PickNumber\":0,\"NumCardsToPick\":1,\"DraftPack\":[\"102469\",\"102515\",\"102513\",\"102545\",\"102595\",\"102609\",\"102468\",\"102659\",\"102533\",\"102464\",\"102806\",\"102494\",\"102582\",\"102740\"],\"PackStyles\":[],\"PickedCards\":[],\"PickedStyles\":[]}"}
[UnityCrossThreadLogger]==> BotDraftDraftPick {"id":"00000000-0000-4000-8000-000000000004","request":"{\"EventName\":\"QuickDraft_SOS_20260421\",\"PickInfo\":{\"EventName\":\"QuickDraft_SOS_20260421\",\"CardIds\":[\"102494\"],\"PackNumber\":0,\"PickNumber\":0}}"}
[UnityCrossThreadLogger]5/7/2026 2:05:33 AM
<== BotDraftDraftPick(00000000-0000-4000-8000-000000000005)
{"CurrentModule":"BotDraft","Payload":"{\"Result\":\"Success\",\"EventName\":\"QuickDraft_SOS_20260421\",\"DraftStatus\":\"PickNext\",\"PackNumber\":0,\"PickNumber\":1,\"NumCardsToPick\":1,\"DraftPack\":[\"102607\",\"102595\",\"102724\",\"102708\",\"102587\",\"102622\",\"102642\",\"102567\",\"102555\",\"102605\",\"102804\",\"102526\",\"102737\"],\"PackStyles\":[],\"PickedCards\":[\"102494\"],\"PickedStyles\":[]}"}
[UnityCrossThreadLogger]==> BotDraftDraftPick {"id":"00000000-0000-4000-8000-000000000006","request":"{\"EventName\":\"QuickDraft_SOS_20260421\",\"PickInfo\":{\"EventName\":\"QuickDraft_SOS_20260421\",\"CardIds\":[\"102567\"],\"PackNumber\":0,\"PickNumber\":1}}"}
[UnityCrossThreadLogger]5/7/2026 2:05:33 AM
<== BotDraftDraftPick(00000000-0000-4000-8000-000000000007)
{"CurrentModule":"BotDraft","Payload":"{\"Result\":\"Success\",\"EventName\":\"QuickDraft_SOS_20260421\",\"DraftStatus\":\"PickNext\",\"PackNumber\":0,\"PickNumber\":2,\"NumCardsToPick\":1,\"DraftPack\":[\"102576\",\"102675\",\"102487\",\"102614\",\"102534\",\"102702\",\"102701\",\"102506\",\"102616\",\"102575\",\"102793\",\"102715\"],\"PackStyles\":[],\"PickedCards\":[\"102494\",\"102567\"],\"PickedStyles\":[]}"}
[UnityCrossThreadLogger]==> BotDraftDraftPick {"id":"00000000-0000-4000-8000-000000000008","request":"{\"EventName\":\"QuickDraft_SOS_20260421\",\"PickInfo\":{\"EventName\":\"QuickDraft_SOS_20260421\",\"CardIds\":[\"102616\"],\"PackNumber\":0,\"PickNumber\":2}}"}
[UnityCrossThreadLogger]5/7/2026 2:05:33 AM
<== BotDraftDraftPick(00000000-0000-4000-8000-000000000009)
{"CurrentModule":"BotDraft","Payload":"{\"Result\":\"Success\",\"EventName\":\"QuickDraft_SOS_20260421\",\"DraftStatus\":\"PickNext\",\"PackNumber\":0,\"PickNumber\":3,\"NumCardsToPick\":1,\"DraftPack\":[\"102531\",\"102536\",\"102618\",\"102576\",\"102654\",\"102701\",\"102528\",\"102541\",\"102669\",\"102798\",\"102717\"],\"PackStyles\":[],\"PickedCards\":[\"102494\",\"102567\",\"102616\"],\"PickedStyles\":[]}"}
[UnityCrossThreadLogger]==> BotDraftDraftPick {"id":"00000000-0000-4000-8000-000000000010","request":"{\"EventName\":\"QuickDraft_SOS_20260421\",\"PickInfo\":{\"EventName\":\"QuickDraft_SOS_20260421\",\"CardIds\":[\"102536\"],\"PackNumber\":0,\"PickNumber\":3}}"}
[UnityCrossThreadLogger]5/7/2026 2:05:33 AM
<== BotDraftDraftPick(00000000-0000-4000-8000-000000000011)
{"CurrentModule":"BotDraft","Payload":"{\"Result\":\"Success\",\"EventName\":\"QuickDraft_SOS_20260421\",\"DraftStatus\":\"PickNext\",\"PackNumber\":0,\"PickNumber\":4,\"NumCardsToPick\":1,\"DraftPack\":[\"102691\",\"102481\",\"102520\",\"102708\",\"102613\",\"102590\",\"102670\",\"102475\",\"102756\",\"102739\"],\"PackStyles\":[],\"PickedCards\":[\"102494\",\"102567\",\"102616\",\"102536\"],\"PickedStyles\":[]}"}
[UnityCrossThreadLogger]==> BotDraftDraftPick {"id":"00000000-0000-4000-8000-000000000012","request":"{\"EventName\":\"QuickDraft_SOS_20260421\",\"PickInfo\":{\"EventName\":\"QuickDraft_SOS_20260421\",\"CardIds\":[\"102670\"],\"PackNumber\":0,\"PickNumber\":4}}"}
[UnityCrossThreadLogger]5/7/2026 2:05:33 AM
<== BotDraftDraftPick(00000000-0000-4000-8000-000000000013)
{"CurrentModule":"BotDraft","Payload":"{\"Result\":\"Success\",\"EventName\":\"QuickDraft_SOS_20260421\",\"DraftStatus\":\"PickNext\",\"PackNumber\":0,\"PickNumber\":5,\"NumCardsToPick\":1,\"DraftPack\":[\"102548\",\"102513\",\"102626\",\"102724\",\"102645\",\"102487\",\"102566\",\"102678\",\"102725\"],\"PackStyles\":[],\"PickedCards\":[\"102494\",\"102567\",\"102616\",\"102536\",\"102670\"],\"PickedStyles\":[]}"}
[UnityCrossThreadLogger]==> BotDraftDraftPick {"id":"00000000-0000-4000-8000-000000000014","request":"{\"EventName\":\"QuickDraft_SOS_20260421\",\"PickInfo\":{\"EventName\":\"QuickDraft_SOS_20260421\",\"CardIds\":[\"102548\"],\"PackNumber\":0,\"PickNumber\":5}}"}
[UnityCrossThreadLogger]5/7/2026 2:05:33 AM
<== BotDraftDraftPick(00000000-0000-4000-8000-000000000015)
{"CurrentModule":"BotDraft","Payload":"{\"Result\":\"Success\",\"EventName\":\"QuickDraft_SOS_20260421\",\"DraftStatus\":\"PickNext\",\"PackNumber\":0,\"PickNumber\":6,\"NumCardsToPick\":1,\"DraftPack\":[\"102679\",\"102487\",\"102603\",\"102654\",\"102575\",\"102508\",\"102775\",\"102735\"],\"PackStyles\":[],\"PickedCards\":[\"102494\",\"102567\",\"102616\",\"102536\",\"102670\",\"102548\"],\"PickedStyles\":[]}"}
[UnityCrossThreadLogger]==> BotDraftDraftPick {"id":"00000000-0000-4000-8000-000000000016","request":"{\"EventName\":\"QuickDraft_SOS_20260421\",\"PickInfo\":{\"EventName\":\"QuickDraft_SOS_20260421\",\"CardIds\":[\"102679\"],\"PackNumber\":0,\"PickNumber\":6}}"}
[UnityCrossThreadLogger]5/7/2026 2:05:33 AM
<== BotDraftDraftPick(00000000-0000-4000-8000-000000000017)
{"CurrentModule":"BotDraft","Payload":"{\"Result\":\"Success\",\"EventName\":\"QuickDraft_SOS_20260421\",\"DraftStatus\":\"PickNext\",\"PackNumber\":0,\"PickNumber\":7,\"NumCardsToPick\":1,\"DraftPack\":[\"102483\",\"102610\",\"102534\",\"102622\",\"102547\",\"102491\",\"102715\"],\"PackStyles\":[],\"PickedCards\":[\"102494\",\"102567\",\"102616\",\"102536\",\"102670\",\"102548\",\"102679\"],\"PickedStyles\":[]}"}
[UnityCrossThreadLogger]==> BotDraftDraftPick {"id":"00000000-0000-4000-8000-000000000018","request":"{\"EventName\":\"QuickDraft_SOS_20260421\",\"PickInfo\":{\"EventName\":\"QuickDraft_SOS_20260421\",\"CardIds\":[\"102534\"],\"PackNumber\":0,\"PickNumber\":7}}"}
[UnityCrossThreadLogger]5/7/2026 2:05:33 AM
<== BotDraftDraftPick(00000000-0000-4000-8000-000000000019)
{"CurrentModule":"BotDraft","Payload":"{\"Result\":\"Success\",\"EventName\":\"QuickDraft_SOS_20260421\",\"DraftStatus\":\"PickNext\",\"PackNumber\":0,\"PickNumber\":8,\"NumCardsToPick\":1,\"DraftPack\":[\"102515\",\"102513\",\"102609\",\"102468\",\"102659\",\"102740\"],\"PackStyles\":[],\"PickedCards\":[\"102494\",\"102567\",\"102616\",\"102536\",\"102670\",\"102548\",\"102679\",\"102534\"],\"PickedStyles\":[]}"}
[UnityCrossThreadLogger]==> BotDraftDraftPick {"id":"00000000-0000-4000-8000-000000000020","request":"{\"EventName\":\"QuickDraft_SOS_20260421\",\"PickInfo\":{\"EventName\":\"QuickDraft_SOS_20260421\",\"CardIds\":[\"102513\"],\"PackNumber\":0,\"PickNumber\":8}}"}
[UnityCrossThreadLogger]5/7/2026 2:05:33 AM
<== BotDraftDraftPick(00000000-0000-4000-8000-000000000021)
{"CurrentModule":"BotDraft","Payload":"{\"Result\":\"Success\",\"EventName\":\"QuickDraft_SOS_20260421\",\"DraftStatus\":\"PickNext\",\"PackNumber\":0,\"PickNumber\":9,\"NumCardsToPick\":1,\"DraftPack\":[\"102607\",\"102708\",\"102622\",\"102804\",\"102737\"],\"PackStyles\":[],\"PickedCards\":[\"102494\",\"102567\",\"102616\",\"102536\",\"102670\",\"102548\",\"102679\",\"102534\",\"102513\"],\"PickedStyles\":[]}"}
[UnityCrossThreadLogger]==> BotDraftDraftPick {"id":"00000000-0000-4000-8000-000000000022","request":"{\"EventName\":\"QuickDraft_SOS_20260421\",\"PickInfo\":{\"EventName\":\"QuickDraft_SOS_20260421\",\"CardIds\":[\"102622\"],\"PackNumber\":0,\"PickNumber\":9}}"}
[UnityCrossThreadLogger]5/7/2026 2:05:33 AM
<== BotDraftDraftPick(00000000-0000-4000-8000-000000000023)
{"CurrentModule":"BotDraft","Payload":"{\"Result\":\"Success\",\"EventName\":\"QuickDraft_SOS_20260421\",\"DraftStatus\":\"PickNext\",\"PackNumber\":0,\"PickNumber\":10,\"NumCardsToPick\":1,\"DraftPack\":[\"102576\",\"102675\",\"102487\",\"102506\"],\"PackStyles\":[],\"PickedCards\":[\"102494\",\"102567\",\"102616\",\"102536\",\"102670\",\"102548\",\"102679\",\"102534\",\"102513\",\"102622\"],\"PickedStyles\":[]}"}
[UnityCrossThreadLogger]==> BotDraftDraftPick {"id":"00000000-0000-4000-8000-000000000024","request":"{\"EventName\":\"QuickDraft_SOS_20260421\",\"PickInfo\":{\"EventName\":\"QuickDraft_SOS_20260421\",\"CardIds\":[\"102506\"],\"PackNumber\":0,\"PickNumber\":10}}"}
[UnityCrossThreadLogger]5/7/2026 2:05:33 AM
<== BotDraftDraftPick(00000000-0000-4000-8000-000000000025)
{"CurrentModule":"BotDraft","Payload":"{\"Result\":\"Success\",\"EventName\":\"QuickDraft_SOS_20260421\",\"DraftStatus\":\"PickNext\",\"PackNumber\":0,\"PickNumber\":11,\"NumCardsToPick\":1,\"DraftPack\":[\"102618\",\"102576\",\"102654\"],\"PackStyles\":[],\"PickedCards\":[\"102494\",\"102567\",\"102616\",\"102536\",\"102670\",\"102548\",\"102679\",\"102534\",\"102513\",\"102622\",\"102506\"],\"PickedStyles\":[]}"}
[UnityCrossThreadLogger]==> BotDraftDraftPick {"id":"00000000-0000-4000-8000-000000000026","request":"{\"EventName\":\"QuickDraft_SOS_20260421\",\"PickInfo\":{\"EventName\":\"QuickDraft_SOS_20260421\",\"CardIds\":[\"102654\"],\"PackNumber\":0,\"PickNumber\":11}}"}
[UnityCrossThreadLogger]5/7/2026 2:05:33 AM
<== BotDraftDraftPick(00000000-0000-4000-8000-000000000027)
{"CurrentModule":"BotDraft","Payload":"{\"Result\":\"Success\",\"EventName\":\"QuickDraft_SOS_20260421\",\"DraftStatus\":\"PickNext\",\"PackNumber\":0,\"PickNumber\":12,\"NumCardsToPick\":1,\"DraftPack\":[\"102590\",\"102739\"],\"PackStyles\":[],\"PickedCards\":[\"102494\",\"102567\",\"102616\",\"102536\",\"102670\",\"102548\",\"102679\",\"102534\",\"102513\",\"102622\",\"102506\",\"102654\"],\"PickedStyles\":[]}"}
[UnityCrossThreadLogger]==> BotDraftDraftPick {"id":"00000000-0000-4000-8000-000000000028","request":"{\"EventName\":\"QuickDraft_SOS_20260421\",\"PickInfo\":{\"EventName\":\"QuickDraft_SOS_20260421\",\"CardIds\":[\"102590\"],\"PackNumber\":0,\"PickNumber\":12}}"}
[UnityCrossThreadLogger]5/7/2026 2:05:33 AM
<== BotDraftDraftPick(00000000-0000-4000-8000-000000000029)
{"CurrentModule":"BotDraft","Payload":"{\"Result\":\"Success\",\"EventName\":\"QuickDraft_SOS_20260421\",\"DraftStatus\":\"PickNext\",\"PackNumber\":0,\"PickNumber\":13,\"NumCardsToPick\":1,\"DraftPack\":[\"102513\"],\"PackStyles\":[],\"PickedCards\":[\"102494\",\"102567\",\"102616\",\"102536\",\"102670\",\"102548\",\"102679\",\"102534\",\"102513\",\"102622\",\"102506\",\"102654\",\"102590\"],\"PickedStyles\":[]}"}
[UnityCrossThreadLogger]==> BotDraftDraftPick {"id":"00000000-0000-4000-8000-000000000030","request":"{\"EventName\":\"QuickDraft_SOS_20260421\",\"PickInfo\":{\"EventName\":\"QuickDraft_SOS_20260421\",\"CardIds\":[\"102513\"],\"PackNumber\":0,\"PickNumber\":13}}"}
[UnityCrossThreadLogger]5/7/2026 2:05:33 AM
<== BotDraftDraftPick(00000000-0000-4000-8000-000000000031)
{"CurrentModule":"BotDraft","Payload":"{\"Result\":\"Success\",\"EventName\":\"QuickDraft_SOS_20260421\",\"DraftStatus\":\"PickNext\",\"PackNumber\":1,\"PickNumber\":0,\"NumCardsToPick\":1,\"DraftPack\":[\"102614\",\"102471\",\"102536\",\"102500\",\"102560\",\"102587\",\"102623\",\"102473\",\"102462\",\"102686\",\"102776\",\"102553\",\"102484\",\"102717\"],\"PackStyles\":[],\"PickedCards\":[\"102494\",\"102567\",\"102616\",\"102536\",\"102670\",\"102548\",\"102679\",\"102534\",\"102513\",\"102622\",\"102506\",\"102654\",\"102590\",\"102513\"],\"PickedStyles\":[]}"}
[UnityCrossThreadLogger]==> BotDraftDraftPick {"id":"00000000-0000-4000-8000-000000000032","request":"{\"EventName\":\"QuickDraft_SOS_20260421\",\"PickInfo\":{\"EventName\":\"QuickDraft_SOS_20260421\",\"CardIds\":[\"102484\"],\"PackNumber\":1,\"PickNumber\":0}}"}
[UnityCrossThreadLogger]5/7/2026 2:05:33 AM
<== BotDraftDraftPick(00000000-0000-4000-8000-000000000033)
{"CurrentModule":"BotDraft","Payload":"{\"Result\":\"Success\",\"EventName\":\"QuickDraft_SOS_20260421\",\"DraftStatus\":\"PickNext\",\"PackNumber\":1,\"PickNumber\":1,\"NumCardsToPick\":1,\"DraftPack\":[\"102590\",\"102523\",\"102478\",\"102691\",\"102709\",\"102614\",\"102536\",\"102485\",\"102703\",\"102620\",\"102505\",\"102799\",\"102737\"],\"PackStyles\":[],\"PickedCards\":[\"102494\",\"102567\",\"102616\",\"102536\",\"102670\",\"102548\",\"102679\",\"102534\",\"102513\",\"102622\",\"102506\",\"102654\",\"102590\",\"102513\",\"102484\"],\"PickedStyles\":[]}"}
[UnityCrossThreadLogger]==> BotDraftDraftPick {"id":"00000000-0000-4000-8000-000000000034","request":"{\"EventName\":\"QuickDraft_SOS_20260421\",\"PickInfo\":{\"EventName\":\"QuickDraft_SOS_20260421\",\"CardIds\":[\"102620\"],\"PackNumber\":1,\"PickNumber\":1}}"}
[UnityCrossThreadLogger]5/7/2026 2:05:33 AM
<== BotDraftDraftPick(00000000-0000-4000-8000-000000000035)
{"CurrentModule":"BotDraft","Payload":"{\"Result\":\"Success\",\"EventName\":\"QuickDraft_SOS_20260421\",\"DraftStatus\":\"PickNext\",\"PackNumber\":1,\"PickNumber\":2,\"NumCardsToPick\":1,\"DraftPack\":[\"102614\",\"102691\",\"102495\",\"102500\",\"102545\",\"102592\",\"102710\",\"102601\",\"102543\",\"102640\",\"102760\",\"102721\"],\"PackStyles\":[],\"PickedCards\":[\"102494\",\"102567\",\"102616\",\"102536\",\"102670\",\"102548\",\"102679\",\"102534\",\"102513\",\"102622\",\"102506\",\"102654\",\"102590\",\"102513\",\"102484\",\"102620\"],\"PickedStyles\":[]}"}
[UnityCrossThreadLogger]==> BotDraftDraftPick {"id":"00000000-0000-4000-8000-000000000036","request":"{\"EventName\":\"QuickDraft_SOS_20260421\",\"PickInfo\":{\"EventName\":\"QuickDraft_SOS_20260421\",\"CardIds\":[\"102760\"],\"PackNumber\":1,\"PickNumber\":2}}"}
[UnityCrossThreadLogger]5/7/2026 2:05:33 AM
<== BotDraftDraftPick(00000000-0000-4000-8000-000000000037)
{"CurrentModule":"BotDraft","Payload":"{\"Result\":\"Success\",\"EventName\":\"QuickDraft_SOS_20260421\",\"DraftStatus\":\"PickNext\",\"PackNumber\":1,\"PickNumber\":3,\"NumCardsToPick\":1,\"DraftPack\":[\"102506\",\"102554\",\"102618\",\"102651\",\"102467\",\"102596\",\"102644\",\"102628\",\"102578\",\"102477\",\"102736\"],\"PackStyles\":[],\"PickedCards\":[\"102494\",\"102567\",\"102616\",\"102536\",\"102670\",\"102548\",\"102679\",\"102534\",\"102513\",\"102622\",\"102506\",\"102654\",\"102590\",\"102513\",\"102484\",\"102620\",\"102760\"],\"PickedStyles\":[]}"}
[UnityCrossThreadLogger]==> BotDraftDraftPick {"id":"00000000-0000-4000-8000-000000000038","request":"{\"EventName\":\"QuickDraft_SOS_20260421\",\"PickInfo\":{\"EventName\":\"QuickDraft_SOS_20260421\",\"CardIds\":[\"102578\"],\"PackNumber\":1,\"PickNumber\":3}}"}
[UnityCrossThreadLogger]5/7/2026 2:05:33 AM
<== BotDraftDraftPick(00000000-0000-4000-8000-000000000039)
{"CurrentModule":"BotDraft","Payload":"{\"Result\":\"Success\",\"EventName\":\"QuickDraft_SOS_20260421\",\"DraftStatus\":\"PickNext\",\"PackNumber\":1,\"PickNumber\":4,\"NumCardsToPick\":1,\"DraftPack\":[\"102644\",\"102469\",\"102706\",\"102478\",\"102679\",\"102628\",\"102492\",\"102593\",\"102624\",\"102714\"],\"PackStyles\":[],\"PickedCards\":[\"102494\",\"102567\",\"102616\",\"102536\",\"102670\",\"102548\",\"102679\",\"102534\",\"102513\",\"102622\",\"102506\",\"102654\",\"102590\",\"102513\",\"102484\",\"102620\",\"102760\",\"102578\"],\"PickedStyles\":[]}"}
[UnityCrossThreadLogger]==> BotDraftDraftPick {"id":"00000000-0000-4000-8000-000000000040","request":"{\"EventName\":\"QuickDraft_SOS_20260421\",\"PickInfo\":{\"EventName\":\"QuickDraft_SOS_20260421\",\"CardIds\":[\"102624\"],\"PackNumber\":1,\"PickNumber\":4}}"}
[UnityCrossThreadLogger]5/7/2026 2:05:33 AM
<== BotDraftDraftPick(00000000-0000-4000-8000-000000000041)
{"CurrentModule":"BotDraft","Payload":"{\"Result\":\"Success\",\"EventName\":\"QuickDraft_SOS_20260421\",\"DraftStatus\":\"PickNext\",\"PackNumber\":1,\"PickNumber\":5,\"NumCardsToPick\":1,\"DraftPack\":[\"102651\",\"102577\",\"102562\",\"102674\",\"102557\",\"102543\",\"102502\",\"102786\",\"102725\"],\"PackStyles\":[],\"PickedCards\":[\"102494\",\"102567\",\"102616\",\"102536\",\"102670\",\"102548\",\"102679\",\"102534\",\"102513\",\"102622\",\"102506\",\"102654\",\"102590\",\"102513\",\"102484\",\"102620\",\"102760\",\"102578\",\"102624\"],\"PickedStyles\":[]}"}
[UnityCrossThreadLogger]==> BotDraftDraftPick {"id":"00000000-0000-4000-8000-000000000042","request":"{\"EventName\":\"QuickDraft_SOS_20260421\",\"PickInfo\":{\"EventName\":\"QuickDraft_SOS_20260421\",\"CardIds\":[\"102786\"],\"PackNumber\":1,\"PickNumber\":5}}"}
[UnityCrossThreadLogger]5/7/2026 2:05:33 AM
<== BotDraftDraftPick(00000000-0000-4000-8000-000000000043)
{"CurrentModule":"BotDraft","Payload":"{\"Result\":\"Success\",\"EventName\":\"QuickDraft_SOS_20260421\",\"DraftStatus\":\"PickNext\",\"PackNumber\":1,\"PickNumber\":6,\"NumCardsToPick\":1,\"DraftPack\":[\"102490\",\"102654\",\"102565\",\"102475\",\"102597\",\"102687\",\"102783\",\"102738\"],\"PackStyles\":[],\"PickedCards\":[\"102494\",\"102567\",\"102616\",\"102536\",\"102670\",\"102548\",\"102679\",\"102534\",\"102513\",\"102622\",\"102506\",\"102654\",\"102590\",\"102513\",\"102484\",\"102620\",\"102760\",\"102578\",\"102624\",\"102786\"],\"PickedStyles\":[]}"}
[UnityCrossThreadLogger]==> BotDraftDraftPick {"id":"00000000-0000-4000-8000-000000000044","request":"{\"EventName\":\"QuickDraft_SOS_20260421\",\"PickInfo\":{\"EventName\":\"QuickDraft_SOS_20260421\",\"CardIds\":[\"102654\"],\"PackNumber\":1,\"PickNumber\":6}}"}
[UnityCrossThreadLogger]5/7/2026 2:05:33 AM
<== BotDraftDraftPick(00000000-0000-4000-8000-000000000045)
{"CurrentModule":"BotDraft","Payload":"{\"Result\":\"Success\",\"EventName\":\"QuickDraft_SOS_20260421\",\"DraftStatus\":\"PickNext\",\"PackNumber\":1,\"PickNumber\":7,\"NumCardsToPick\":1,\"DraftPack\":[\"102573\",\"102548\",\"102613\",\"102461\",\"102701\",\"102683\",\"102762\"],\"PackStyles\":[],\"PickedCards\":[\"102494\",\"102567\",\"102616\",\"102536\",\"102670\",\"102548\",\"102679\",\"102534\",\"102513\",\"102622\",\"102506\",\"102654\",\"102590\",\"102513\",\"102484\",\"102620\",\"102760\",\"102578\",\"102624\",\"102786\",\"102654\"],\"PickedStyles\":[]}"}
[UnityCrossThreadLogger]==> BotDraftDraftPick {"id":"00000000-0000-4000-8000-000000000046","request":"{\"EventName\":\"QuickDraft_SOS_20260421\",\"PickInfo\":{\"EventName\":\"QuickDraft_SOS_20260421\",\"CardIds\":[\"102683\"],\"PackNumber\":1,\"PickNumber\":7}}"}
[UnityCrossThreadLogger]5/7/2026 2:05:33 AM
<== BotDraftDraftPick(00000000-0000-4000-8000-000000000047)
{"CurrentModule":"BotDraft","Payload":"{\"Result\":\"Success\",\"EventName\":\"QuickDraft_SOS_20260421\",\"DraftStatus\":\"PickNext\",\"PackNumber\":1,\"PickNumber\":8,\"NumCardsToPick\":1,\"DraftPack\":[\"102614\",\"102536\",\"102500\",\"102560\",\"102473\",\"102686\"],\"PackStyles\":[],\"PickedCards\":[\"102494\",\"102567\",\"102616\",\"102536\",\"102670\",\"102548\",\"102679\",\"102534\",\"102513\",\"102622\",\"102506\",\"102654\",\"102590\",\"102513\",\"102484\",\"102620\",\"102760\",\"102578\",\"102624\",\"102786\",\"102654\",\"102683\"],\"PickedStyles\":[]}"}
[UnityCrossThreadLogger]==> BotDraftDraftPick {"id":"00000000-0000-4000-8000-000000000048","request":"{\"EventName\":\"QuickDraft_SOS_20260421\",\"PickInfo\":{\"EventName\":\"QuickDraft_SOS_20260421\",\"CardIds\":[\"102536\"],\"PackNumber\":1,\"PickNumber\":8}}"}
[UnityCrossThreadLogger]5/7/2026 2:05:33 AM
<== BotDraftDraftPick(00000000-0000-4000-8000-000000000049)
{"CurrentModule":"BotDraft","Payload":"{\"Result\":\"Success\",\"EventName\":\"QuickDraft_SOS_20260421\",\"DraftStatus\":\"PickNext\",\"PackNumber\":1,\"PickNumber\":9,\"NumCardsToPick\":1,\"DraftPack\":[\"102590\",\"102536\",\"102505\",\"102799\",\"102737\"],\"PackStyles\":[],\"PickedCards\":[\"102494\",\"102567\",\"102616\",\"102536\",\"102670\",\"102548\",\"102679\",\"102534\",\"102513\",\"102622\",\"102506\",\"102654\",\"102590\",\"102513\",\"102484\",\"102620\",\"102760\",\"102578\",\"102624\",\"102786\",\"102654\",\"102683\",\"102536\"],\"PickedStyles\":[]}"}
[UnityCrossThreadLogger]==> BotDraftDraftPick {"id":"00000000-0000-4000-8000-000000000050","request":"{\"EventName\":\"QuickDraft_SOS_20260421\",\"PickInfo\":{\"EventName\":\"QuickDraft_SOS_20260421\",\"CardIds\":[\"102536\"],\"PackNumber\":1,\"PickNumber\":9}}"}
[UnityCrossThreadLogger]5/7/2026 2:05:33 AM
<== BotDraftDraftPick(00000000-0000-4000-8000-000000000051)
{"CurrentModule":"BotDraft","Payload":"{\"Result\":\"Success\",\"EventName\":\"QuickDraft_SOS_20260421\",\"DraftStatus\":\"PickNext\",\"PackNumber\":1,\"PickNumber\":10,\"NumCardsToPick\":1,\"DraftPack\":[\"102691\",\"102500\",\"102592\",\"102543\"],\"PackStyles\":[],\"PickedCards\":[\"102494\",\"102567\",\"102616\",\"102536\",\"102670\",\"102548\",\"102679\",\"102534\",\"102513\",\"102622\",\"102506\",\"102654\",\"102590\",\"102513\",\"102484\",\"102620\",\"102760\",\"102578\",\"102624\",\"102786\",\"102654\",\"102683\",\"102536\",\"102536\"],\"PickedStyles\":[]}"}
[UnityCrossThreadLogger]==> BotDraftDraftPick {"id":"00000000-0000-4000-8000-000000000052","request":"{\"EventName\":\"QuickDraft_SOS_20260421\",\"PickInfo\":{\"EventName\":\"QuickDraft_SOS_20260421\",\"CardIds\":[\"102592\"],\"PackNumber\":1,\"PickNumber\":10}}"}
[UnityCrossThreadLogger]5/7/2026 2:05:33 AM
<== BotDraftDraftPick(00000000-0000-4000-8000-000000000053)
{"CurrentModule":"BotDraft","Payload":"{\"Result\":\"Success\",\"EventName\":\"QuickDraft_SOS_20260421\",\"DraftStatus\":\"PickNext\",\"PackNumber\":1,\"PickNumber\":11,\"NumCardsToPick\":1,\"DraftPack\":[\"102618\",\"102477\",\"102736\"],\"PackStyles\":[],\"PickedCards\":[\"102494\",\"102567\",\"102616\",\"102536\",\"102670\",\"102548\",\"102679\",\"102534\",\"102513\",\"102622\",\"102506\",\"102654\",\"102590\",\"102513\",\"102484\",\"102620\",\"102760\",\"102578\",\"102624\",\"102786\",\"102654\",\"102683\",\"102536\",\"102536\",\"102592\"],\"PickedStyles\":[]}"}
[UnityCrossThreadLogger]==> BotDraftDraftPick {"id":"00000000-0000-4000-8000-000000000054","request":"{\"EventName\":\"QuickDraft_SOS_20260421\",\"PickInfo\":{\"EventName\":\"QuickDraft_SOS_20260421\",\"CardIds\":[\"102618\"],\"PackNumber\":1,\"PickNumber\":11}}"}
[UnityCrossThreadLogger]5/7/2026 2:05:33 AM
<== BotDraftDraftPick(00000000-0000-4000-8000-000000000055)
{"CurrentModule":"BotDraft","Payload":"{\"Result\":\"Success\",\"EventName\":\"QuickDraft_SOS_20260421\",\"DraftStatus\":\"PickNext\",\"PackNumber\":1,\"PickNumber\":12,\"NumCardsToPick\":1,\"DraftPack\":[\"102679\",\"102492\"],\"PackStyles\":[],\"PickedCards\":[\"102494\",\"102567\",\"102616\",\"102536\",\"102670\",\"102548\",\"102679\",\"102534\",\"102513\",\"102622\",\"102506\",\"102654\",\"102590\",\"102513\",\"102484\",\"102620\",\"102760\",\"102578\",\"102624\",\"102786\",\"102654\",\"102683\",\"102536\",\"102536\",\"102592\",\"102618\"],\"PickedStyles\":[]}"}
[UnityCrossThreadLogger]==> BotDraftDraftPick {"id":"00000000-0000-4000-8000-000000000056","request":"{\"EventName\":\"QuickDraft_SOS_20260421\",\"PickInfo\":{\"EventName\":\"QuickDraft_SOS_20260421\",\"CardIds\":[\"102679\"],\"PackNumber\":1,\"PickNumber\":12}}"}
[UnityCrossThreadLogger]5/7/2026 2:05:33 AM
<== BotDraftDraftPick(00000000-0000-4000-8000-000000000057)
{"CurrentModule":"BotDraft","Payload":"{\"Result\":\"Success\",\"EventName\":\"QuickDraft_SOS_20260421\",\"DraftStatus\":\"PickNext\",\"PackNumber\":1,\"PickNumber\":13,\"NumCardsToPick\":1,\"DraftPack\":[\"102786\"],\"PackStyles\":[],\"PickedCards\":[\"102494\",\"102567\",\"102616\",\"102536\",\"102670\",\"102548\",\"102679\",\"102534\",\"102513\",\"102622\",\"102506\",\"102654\",\"102590\",\"102513\",\"102484\",\"102620\",\"102760\",\"102578\",\"102624\",\"102786\",\"102654\",\"102683\",\"102536\",\"102536\",\"102592\",\"102618\",\"102679\"],\"PickedStyles\":[]}"}
[UnityCrossThreadLogger]==> BotDraftDraftPick {"id":"00000000-0000-4000-8000-000000000058","request":"{\"EventName\":\"QuickDraft_SOS_20260421\",\"PickInfo\":{\"EventName\":\"QuickDraft_SOS_20260421\",\"CardIds\":[\"102786\"],\"PackNumber\":1,\"PickNumber\":13}}"}
[UnityCrossThreadLogger]5/7/2026 2:05:33 AM
<== BotDraftDraftPick(00000000-0000-4000-8000-000000000059)
{"CurrentModule":"BotDraft","Payload":"{\"Result\":\"Success\",\"EventName\":\"QuickDraft_SOS_20260421\",\"DraftStatus\":\"PickNext\",\"PackNumber\":2,\"PickNumber\":0,\"NumCardsToPick\":1,\"DraftPack\":[\"102603\",\"102708\",\"102651\",\"102500\",\"102471\",\"102592\",\"102545\",\"102597\",\"102493\",\"102670\",\"102797\",\"102514\",\"102504\",\"102717\"],\"PackStyles\":[],\"PickedCards\":[\"102494\",\"102567\",\"102616\",\"102536\",\"102670\",\"102548\",\"102679\",\"102534\",\"102513\",\"102622\",\"102506\",\"102654\",\"102590\",\"102513\",\"102484\",\"102620\",\"102760\",\"102578\",\"102624\",\"102786\",\"102654\",\"102683\",\"102536\",\"102536\",\"102592\",\"102618\",\"102679\",\"102786\"],\"PickedStyles\":[]}"}
[UnityCrossThreadLogger]==> BotDraftDraftPick {"id":"00000000-0000-4000-8000-000000000060","request":"{\"EventName\":\"QuickDraft_SOS_20260421\",\"PickInfo\":{\"EventName\":\"QuickDraft_SOS_20260421\",\"CardIds\":[\"102504\"],\"PackNumber\":2,\"PickNumber\":0}}"}
[UnityCrossThreadLogger]5/7/2026 2:05:33 AM
<== BotDraftDraftPick(00000000-0000-4000-8000-000000000061)
{"CurrentModule":"BotDraft","Payload":"{\"Result\":\"Success\",\"EventName\":\"QuickDraft_SOS_20260421\",\"DraftStatus\":\"PickNext\",\"PackNumber\":2,\"PickNumber\":1,\"NumCardsToPick\":1,\"DraftPack\":[\"102600\",\"102674\",\"102710\",\"102495\",\"102614\",\"102470\",\"102666\",\"102699\",\"102475\",\"102491\",\"102769\",\"102579\",\"102734\"],\"PackStyles\":[],\"PickedCards\":[\"102494\",\"102567\",\"102616\",\"102536\",\"102670\",\"102548\",\"102679\",\"102534\",\"102513\",\"102622\",\"102506\",\"102654\",\"102590\",\"102513\",\"102484\",\"102620\",\"102760\",\"102578\",\"102624\",\"102786\",\"102654\",\"102683\",\"102536\",\"102536\",\"102592\",\"102618\",\"102679\",\"102786\",\"102504\"],\"PickedStyles\":[]}"}
[UnityCrossThreadLogger]==> BotDraftDraftPick {"id":"00000000-0000-4000-8000-000000000062","request":"{\"EventName\":\"QuickDraft_SOS_20260421\",\"PickInfo\":{\"EventName\":\"QuickDraft_SOS_20260421\",\"CardIds\":[\"102579\"],\"PackNumber\":2,\"PickNumber\":1}}"}
[UnityCrossThreadLogger]5/7/2026 2:05:33 AM
<== BotDraftDraftPick(00000000-0000-4000-8000-000000000063)
{"CurrentModule":"BotDraft","Payload":"{\"Result\":\"Success\",\"EventName\":\"QuickDraft_SOS_20260421\",\"DraftStatus\":\"PickNext\",\"PackNumber\":2,\"PickNumber\":2,\"NumCardsToPick\":1,\"DraftPack\":[\"102590\",\"102621\",\"102520\",\"102483\",\"102461\",\"102531\",\"102510\",\"102593\",\"102546\",\"102611\",\"102757\",\"102732\"],\"PackStyles\":[],\"PickedCards\":[\"102494\",\"102567\",\"102616\",\"102536\",\"102670\",\"102548\",\"102679\",\"102534\",\"102513\",\"102622\",\"102506\",\"102654\",\"102590\",\"102513\",\"102484\",\"102620\",\"102760\",\"102578\",\"102624\",\"102786\",\"102654\",\"102683\",\"102536\",\"102536\",\"102592\",\"102618\",\"102679\",\"102786\",\"102504\",\"102579\"],\"PickedStyles\":[]}"}
[UnityCrossThreadLogger]==> BotDraftDraftPick {"id":"00000000-0000-4000-8000-000000000064","request":"{\"EventName\":\"QuickDraft_SOS_20260421\",\"PickInfo\":{\"EventName\":\"QuickDraft_SOS_20260421\",\"CardIds\":[\"102546\"],\"PackNumber\":2,\"PickNumber\":2}}"}
[UnityCrossThreadLogger]5/7/2026 2:05:33 AM
<== BotDraftDraftPick(00000000-0000-4000-8000-000000000065)
{"CurrentModule":"BotDraft","Payload":"{\"Result\":\"Success\",\"EventName\":\"QuickDraft_SOS_20260421\",\"DraftStatus\":\"PickNext\",\"PackNumber\":2,\"PickNumber\":3,\"NumCardsToPick\":1,\"DraftPack\":[\"102562\",\"102523\",\"102645\",\"102708\",\"102603\",\"102509\",\"102669\",\"102646\",\"102797\",\"102530\",\"102740\"],\"PackStyles\":[],\"PickedCards\":[\"102494\",\"102567\",\"102616\",\"102536\",\"102670\",\"102548\",\"102679\",\"102534\",\"102513\",\"102622\",\"102506\",\"102654\",\"102590\",\"102513\",\"102484\",\"102620\",\"102760\",\"102578\",\"102624\",\"102786\",\"102654\",\"102683\",\"102536\",\"102536\",\"102592\",\"102618\",\"102679\",\"102786\",\"102504\",\"102579\",\"102546\"],\"PickedStyles\":[]}"}
[UnityCrossThreadLogger]==> BotDraftDraftPick {"id":"00000000-0000-4000-8000-000000000066","request":"{\"EventName\":\"QuickDraft_SOS_20260421\",\"PickInfo\":{\"EventName\":\"QuickDraft_SOS_20260421\",\"CardIds\":[\"102646\"],\"PackNumber\":2,\"PickNumber\":3}}"}
[UnityCrossThreadLogger]5/7/2026 2:05:33 AM
<== BotDraftDraftPick(00000000-0000-4000-8000-000000000067)
{"CurrentModule":"BotDraft","Payload":"{\"Result\":\"Success\",\"EventName\":\"QuickDraft_SOS_20260421\",\"DraftStatus\":\"PickNext\",\"PackNumber\":2,\"PickNumber\":4,\"NumCardsToPick\":1,\"DraftPack\":[\"102610\",\"102636\",\"102675\",\"102554\",\"102592\",\"102699\",\"102512\",\"102543\",\"102485\",\"102806\"],\"PackStyles\":[],\"PickedCards\":[\"102494\",\"102567\",\"102616\",\"102536\",\"102670\",\"102548\",\"102679\",\"102534\",\"102513\",\"102622\",\"102506\",\"102654\",\"102590\",\"102513\",\"102484\",\"102620\",\"102760\",\"102578\",\"102624\",\"102786\",\"102654\",\"102683\",\"102536\",\"102536\",\"102592\",\"102618\",\"102679\",\"102786\",\"102504\",\"102579\",\"102546\",\"102646\"],\"PickedStyles\":[]}"}
[UnityCrossThreadLogger]==> BotDraftDraftPick {"id":"00000000-0000-4000-8000-000000000068","request":"{\"EventName\":\"QuickDraft_SOS_20260421\",\"PickInfo\":{\"EventName\":\"QuickDraft_SOS_20260421\",\"CardIds\":[\"102806\"],\"PackNumber\":2,\"PickNumber\":4}}"}
[UnityCrossThreadLogger]5/7/2026 2:05:33 AM
<== BotDraftDraftPick(00000000-0000-4000-8000-000000000069)
{"CurrentModule":"BotDraft","Payload":"{\"Result\":\"Success\",\"EventName\":\"QuickDraft_SOS_20260421\",\"DraftStatus\":\"PickNext\",\"PackNumber\":2,\"PickNumber\":5,\"NumCardsToPick\":1,\"DraftPack\":[\"102497\",\"102586\",\"102536\",\"102469\",\"102527\",\"102628\",\"102593\",\"102783\",\"102731\"],\"PackStyles\":[],\"PickedCards\":[\"102494\",\"102567\",\"102616\",\"102536\",\"102670\",\"102548\",\"102679\",\"102534\",\"102513\",\"102622\",\"102506\",\"102654\",\"102590\",\"102513\",\"102484\",\"102620\",\"102760\",\"102578\",\"102624\",\"102786\",\"102654\",\"102683\",\"102536\",\"102536\",\"102592\",\"102618\",\"102679\",\"102786\",\"102504\",\"102579\",\"102546\",\"102646\",\"102806\"],\"PickedStyles\":[]}"}
[UnityCrossThreadLogger]==> BotDraftDraftPick {"id":"00000000-0000-4000-8000-000000000070","request":"{\"EventName\":\"QuickDraft_SOS_20260421\",\"PickInfo\":{\"EventName\":\"QuickDraft_SOS_20260421\",\"CardIds\":[\"102536\"],\"PackNumber\":2,\"PickNumber\":5}}"}
[UnityCrossThreadLogger]5/7/2026 2:05:33 AM
<== BotDraftDraftPick(00000000-0000-4000-8000-000000000071)
{"CurrentModule":"BotDraft","Payload":"{\"Result\":\"Success\",\"EventName\":\"QuickDraft_SOS_20260421\",\"DraftStatus\":\"PickNext\",\"PackNumber\":2,\"PickNumber\":6,\"NumCardsToPick\":1,\"DraftPack\":[\"102594\",\"102607\",\"102689\",\"102467\",\"102588\",\"102720\",\"102628\",\"102769\"],\"PackStyles\":[],\"PickedCards\":[\"102494\",\"102567\",\"102616\",\"102536\",\"102670\",\"102548\",\"102679\",\"102534\",\"102513\",\"102622\",\"102506\",\"102654\",\"102590\",\"102513\",\"102484\",\"102620\",\"102760\",\"102578\",\"102624\",\"102786\",\"102654\",\"102683\",\"102536\",\"102536\",\"102592\",\"102618\",\"102679\",\"102786\",\"102504\",\"102579\",\"102546\",\"102646\",\"102806\",\"102536\"],\"PickedStyles\":[]}"}
[UnityCrossThreadLogger]==> BotDraftDraftPick {"id":"00000000-0000-4000-8000-000000000072","request":"{\"EventName\":\"QuickDraft_SOS_20260421\",\"PickInfo\":{\"EventName\":\"QuickDraft_SOS_20260421\",\"CardIds\":[\"102594\"],\"PackNumber\":2,\"PickNumber\":6}}"}
[UnityCrossThreadLogger]5/7/2026 2:05:33 AM
<== BotDraftDraftPick(00000000-0000-4000-8000-000000000073)
{"CurrentModule":"BotDraft","Payload":"{\"Result\":\"Success\",\"EventName\":\"QuickDraft_SOS_20260421\",\"DraftStatus\":\"PickNext\",\"PackNumber\":2,\"PickNumber\":7,\"NumCardsToPick\":1,\"DraftPack\":[\"102548\",\"102679\",\"102576\",\"102501\",\"102644\",\"102583\",\"102733\"],\"PackStyles\":[],\"PickedCards\":[\"102494\",\"102567\",\"102616\",\"102536\",\"102670\",\"102548\",\"102679\",\"102534\",\"102513\",\"102622\",\"102506\",\"102654\",\"102590\",\"102513\",\"102484\",\"102620\",\"102760\",\"102578\",\"102624\",\"102786\",\"102654\",\"102683\",\"102536\",\"102536\",\"102592\",\"102618\",\"102679\",\"102786\",\"102504\",\"102579\",\"102546\",\"102646\",\"102806\",\"102536\",\"102594\"],\"PickedStyles\":[]}"}
[UnityCrossThreadLogger]==> BotDraftDraftPick {"id":"00000000-0000-4000-8000-000000000074","request":"{\"EventName\":\"QuickDraft_SOS_20260421\",\"PickInfo\":{\"EventName\":\"QuickDraft_SOS_20260421\",\"CardIds\":[\"102679\"],\"PackNumber\":2,\"PickNumber\":7}}"}
[UnityCrossThreadLogger]5/7/2026 2:05:33 AM
<== BotDraftDraftPick(00000000-0000-4000-8000-000000000075)
{"CurrentModule":"BotDraft","Payload":"{\"Result\":\"Success\",\"EventName\":\"QuickDraft_SOS_20260421\",\"DraftStatus\":\"PickNext\",\"PackNumber\":2,\"PickNumber\":8,\"NumCardsToPick\":1,\"DraftPack\":[\"102603\",\"102500\",\"102592\",\"102597\",\"102670\",\"102797\"],\"PackStyles\":[],\"PickedCards\":[\"102494\",\"102567\",\"102616\",\"102536\",\"102670\",\"102548\",\"102679\",\"102534\",\"102513\",\"102622\",\"102506\",\"102654\",\"102590\",\"102513\",\"102484\",\"102620\",\"102760\",\"102578\",\"102624\",\"102786\",\"102654\",\"102683\",\"102536\",\"102536\",\"102592\",\"102618\",\"102679\",\"102786\",\"102504\",\"102579\",\"102546\",\"102646\",\"102806\",\"102536\",\"102594\",\"102679\"],\"PickedStyles\":[]}"}
[UnityCrossThreadLogger]==> BotDraftDraftPick {"id":"00000000-0000-4000-8000-000000000076","request":"{\"EventName\":\"QuickDraft_SOS_20260421\",\"PickInfo\":{\"EventName\":\"QuickDraft_SOS_20260421\",\"CardIds\":[\"102670\"],\"PackNumber\":2,\"PickNumber\":8}}"}
[UnityCrossThreadLogger]5/7/2026 2:05:33 AM
<== BotDraftDraftPick(00000000-0000-4000-8000-000000000077)
{"CurrentModule":"BotDraft","Payload":"{\"Result\":\"Success\",\"EventName\":\"QuickDraft_SOS_20260421\",\"DraftStatus\":\"PickNext\",\"PackNumber\":2,\"PickNumber\":9,\"NumCardsToPick\":1,\"DraftPack\":[\"102674\",\"102495\",\"102491\",\"102769\",\"102734\"],\"PackStyles\":[],\"PickedCards\":[\"102494\",\"102567\",\"102616\",\"102536\",\"102670\",\"102548\",\"102679\",\"102534\",\"102513\",\"102622\",\"102506\",\"102654\",\"102590\",\"102513\",\"102484\",\"102620\",\"102760\",\"102578\",\"102624\",\"102786\",\"102654\",\"102683\",\"102536\",\"102536\",\"102592\",\"102618\",\"102679\",\"102786\",\"102504\",\"102579\",\"102546\",\"102646\",\"102806\",\"102536\",\"102594\",\"102679\",\"102670\"],\"PickedStyles\":[]}"}
[UnityCrossThreadLogger]==> BotDraftDraftPick {"id":"00000000-0000-4000-8000-000000000078","request":"{\"EventName\":\"QuickDraft_SOS_20260421\",\"PickInfo\":{\"EventName\":\"QuickDraft_SOS_20260421\",\"CardIds\":[\"102495\"],\"PackNumber\":2,\"PickNumber\":9}}"}
[UnityCrossThreadLogger]5/7/2026 2:05:33 AM
<== BotDraftDraftPick(00000000-0000-4000-8000-000000000079)
{"CurrentModule":"BotDraft","Payload":"{\"Result\":\"Success\",\"EventName\":\"QuickDraft_SOS_20260421\",\"DraftStatus\":\"PickNext\",\"PackNumber\":2,\"PickNumber\":10,\"NumCardsToPick\":1,\"DraftPack\":[\"102520\",\"102461\",\"102510\",\"102732\"],\"PackStyles\":[],\"PickedCards\":[\"102494\",\"102567\",\"102616\",\"102536\",\"102670\",\"102548\",\"102679\",\"102534\",\"102513\",\"102622\",\"102506\",\"102654\",\"102590\",\"102513\",\"102484\",\"102620\",\"102760\",\"102578\",\"102624\",\"102786\",\"102654\",\"102683\",\"102536\",\"102536\",\"102592\",\"102618\",\"102679\",\"102786\",\"102504\",\"102579\",\"102546\",\"102646\",\"102806\",\"102536\",\"102594\",\"102679\",\"102670\",\"102495\"],\"PickedStyles\":[]}"}
[UnityCrossThreadLogger]==> BotDraftDraftPick {"id":"00000000-0000-4000-8000-000000000080","request":"{\"EventName\":\"QuickDraft_SOS_20260421\",\"PickInfo\":{\"EventName\":\"QuickDraft_SOS_20260421\",\"CardIds\":[\"102461\"],\"PackNumber\":2,\"PickNumber\":10}}"}
[UnityCrossThreadLogger]5/7/2026 2:05:33 AM
<== BotDraftDraftPick(00000000-0000-4000-8000-000000000081)
{"CurrentModule":"BotDraft","Payload":"{\"Result\":\"Success\",\"EventName\":\"QuickDraft_SOS_20260421\",\"DraftStatus\":\"PickNext\",\"PackNumber\":2,\"PickNumber\":11,\"NumCardsToPick\":1,\"DraftPack\":[\"102562\",\"102523\",\"102740\"],\"PackStyles\":[],\"PickedCards\":[\"102494\",\"102567\",\"102616\",\"102536\",\"102670\",\"102548\",\"102679\",\"102534\",\"102513\",\"102622\",\"102506\",\"102654\",\"102590\",\"102513\",\"102484\",\"102620\",\"102760\",\"102578\",\"102624\",\"102786\",\"102654\",\"102683\",\"102536\",\"102536\",\"102592\",\"102618\",\"102679\",\"102786\",\"102504\",\"102579\",\"102546\",\"102646\",\"102806\",\"102536\",\"102594\",\"102679\",\"102670\",\"102495\",\"102461\"],\"PickedStyles\":[]}"}
[UnityCrossThreadLogger]==> BotDraftDraftPick {"id":"00000000-0000-4000-8000-000000000082","request":"{\"EventName\":\"QuickDraft_SOS_20260421\",\"PickInfo\":{\"EventName\":\"QuickDraft_SOS_20260421\",\"CardIds\":[\"102523\"],\"PackNumber\":2,\"PickNumber\":11}}"}
[UnityCrossThreadLogger]5/7/2026 2:05:33 AM
<== BotDraftDraftPick(00000000-0000-4000-8000-000000000083)
{"CurrentModule":"BotDraft","Payload":"{\"Result\":\"Success\",\"EventName\":\"QuickDraft_SOS_20260421\",\"DraftStatus\":\"PickNext\",\"PackNumber\":2,\"PickNumber\":12,\"NumCardsToPick\":1,\"DraftPack\":[\"102610\",\"102592\"],\"PackStyles\":[],\"PickedCards\":[\"102494\",\"102567\",\"102616\",\"102536\",\"102670\",\"102548\",\"102679\",\"102534\",\"102513\",\"102622\",\"102506\",\"102654\",\"102590\",\"102513\",\"102484\",\"102620\",\"102760\",\"102578\",\"102624\",\"102786\",\"102654\",\"102683\",\"102536\",\"102536\",\"102592\",\"102618\",\"102679\",\"102786\",\"102504\",\"102579\",\"102546\",\"102646\",\"102806\",\"102536\",\"102594\",\"102679\",\"102670\",\"102495\",\"102461\",\"102523\"],\"PickedStyles\":[]}"}
[UnityCrossThreadLogger]==> BotDraftDraftPick {"id":"00000000-0000-4000-8000-000000000084","request":"{\"EventName\":\"QuickDraft_SOS_20260421\",\"PickInfo\":{\"EventName\":\"QuickDraft_SOS_20260421\",\"CardIds\":[\"102592\"],\"PackNumber\":2,\"PickNumber\":12}}"}
[UnityCrossThreadLogger]5/7/2026 2:05:33 AM
<== BotDraftDraftPick(00000000-0000-4000-8000-000000000085)
{"CurrentModule":"BotDraft","Payload":"{\"Result\":\"Success\",\"EventName\":\"QuickDraft_SOS_20260421\",\"DraftStatus\":\"PickNext\",\"PackNumber\":2,\"PickNumber\":13,\"NumCardsToPick\":1,\"DraftPack\":[\"102731\"],\"PackStyles\":[],\"PickedCards\":[\"102494\",\"102567\",\"102616\",\"102536\",\"102670\",\"102548\",\"102679\",\"102534\",\"102513\",\"102622\",\"102506\",\"102654\",\"102590\",\"102513\",\"102484\",\"102620\",\"102760\",\"102578\",\"102624\",\"102786\",\"102654\",\"102683\",\"102536\",\"102536\",\"102592\",\"102618\",\"102679\",\"102786\",\"102504\",\"102579\",\"102546\",\"102646\",\"102806\",\"102536\",\"102594\",\"102679\",\"102670\",\"102495\",\"102461\",\"102523\",\"102592\"],\"PickedStyles\":[]}"}
[UnityCrossThreadLogger]==> BotDraftDraftPick {"id":"00000000-0000-4000-8000-000000000086","request":"{\"EventName\":\"QuickDraft_SOS_20260421\",\"PickInfo\":{\"EventName\":\"QuickDraft_SOS_20260421\",\"CardIds\":[\"102731\"],\"PackNumber\":2,\"PickNumber\":13}}"}
[UnityCrossThreadLogger]5/7/2026 2:05:33 AM
<== BotDraftDraftPick(00000000-0000-4000-8000-000000000087)
{"CurrentModule":"BotDraft","Payload":"{\"Result\":\"Success\",\"EventName\":\"QuickDraft_SOS_20260421\",\"DraftStatus\":\"Completed\",\"PackNumber\":2,\"PickNumber\":13,\"NumCardsToPick\":1,\"DraftPack\":[],\"PackStyles\":[],\"PickedCards\":[\"102494\",\"102567\",\"102616\",\"102536\",\"102670\",\"102548\",\"102679\",\"102534\",\"102513\",\"102622\",\"102506\",\"102654\",\"102590\",\"102513\",\"102484\",\"102620\",\"102760\",\"102578\",\"102624\",\"102786\",\"102654\",\"102683\",\"102536\",\"102536\",\"102592\",\"102618\",\"102679\",\"102786\",\"102504\",\"102579\",\"102546\",\"102646\",\"102806\",\"102536\",\"102594\",\"102679\",\"102670\",\"102495\",\"102461\",\"102523\",\"102592\",\"102731\"],\"PickedStyles\":[]}"}
[UnityCrossThreadLogger]==> EventGetCoursesV2 {"id":"00000000-0000-4000-8000-000000000088","request":"{}"}
